  Determining projects to restore...
  All projects are up-to-date for restore.
  FpolyCafe.Domain -> D:\FPTPolytechnic\NET202\FpolyCafe\FpolyCafe.Domain\bin\Debug\net10.0\FpolyCafe.Domain.dll
  FpolyCafe.Application -> D:\FPTPolytechnic\NET202\FpolyCafe\FpolyCafe.Application\bin\Debug\net10.0\FpolyCafe.Application.dll
D:\FPTPolytechnic\NET202\FpolyCafe\FpolyCafe.Infrastructure\Services\FileService.cs(22,20): warning CS8603: Possible null reference return. [D:\FPTPolytechnic\NET202\FpolyCafe\FpolyCafe.Infrastructure\FpolyCafe.Infrastructure.csproj]
  FpolyCafe.Infrastructure -> D:\FPTPolytechnic\NET202\FpolyCafe\FpolyCafe.Infrastructure\bin\Debug\net10.0\FpolyCafe.Infrastructure.dll
D:\FPTPolytechnic\NET202\FpolyCafe\FpolyCafe.Api\Program.cs(11,25): error CS0234: The type or namespace name 'Models' does not exist in the namespace 'Microsoft.OpenApi' (are you missing an assembly reference?) [D:\FPTPolytechnic\NET202\FpolyCafe\FpolyCafe.Api\FpolyCafe.Api.csproj]
D:\FPTPolytechnic\NET202\FpolyCafe\FpolyCafe.Api\Controllers\AuthController.cs(19,71): error CS0246: The type or namespace name 'LoginRequestDto' could not be found (are you missing a using directive or an assembly reference?) [D:\FPTPolytechnic\NET202\FpolyCafe\FpolyCafe.Api\FpolyCafe.Api.csproj]
D:\FPTPolytechnic\NET202\FpolyCafe\FpolyCafe.Api\Controllers\AuthController.cs(19,36): error CS0246: The type or namespace name 'AuthResponseDto' could not be found (are you missing a using directive or an assembly reference?) [D:\FPTPolytechnic\NET202\FpolyCafe\FpolyCafe.Api\FpolyCafe.Api.csproj]

Build FAILED.

D:\FPTPolytechnic\NET202\FpolyCafe\FpolyCafe.Infrastructure\Services\FileService.cs(22,20): warning CS8603: Possible null reference return. [D:\FPTPolytechnic\NET202\FpolyCafe\FpolyCafe.Infrastructure\FpolyCafe.Infrastructure.csproj]
D:\FPTPolytechnic\NET202\FpolyCafe\FpolyCafe.Api\Program.cs(11,25): error CS0234: The type or namespace name 'Models' does not exist in the namespace 'Microsoft.OpenApi' (are you missing an assembly reference?) [D:\FPTPolytechnic\NET202\FpolyCafe\FpolyCafe.Api\FpolyCafe.Api.csproj]
D:\FPTPolytechnic\NET202\FpolyCafe\FpolyCafe.Api\Controllers\AuthController.cs(19,71): error CS0246: The type or namespace name 'LoginRequestDto' could not be found (are you missing a using directive or an assembly reference?) [D:\FPTPolytechnic\NET202\FpolyCafe\FpolyCafe.Api\FpolyCafe.Api.csproj]
D:\FPTPolytechnic\NET202\FpolyCafe\FpolyCafe.Api\Controllers\AuthController.cs(19,36): error CS0246: The type or namespace name 'AuthResponseDto' could not be found (are you missing a using directive or an assembly reference?) [D:\FPTPolytechnic\NET202\FpolyCafe\FpolyCafe.Api\FpolyCafe.Api.csproj]
    1 Warning(s)
    3 Error(s)

Time Elapsed 00:00:09.58
